// Jest Snapshot v1, https://goo.gl/fbAQLP

exports[`app renders correctly 1`] = `
<DocumentFragment>
  <h2>
    Surreal estate
  </h2>
</DocumentFragment>
`;
