// Jest Snapshot v1, https://goo.gl/fbAQLP

exports[`NavBar renders correctly 1`] = `
<DocumentFragment>
  <div
    class="navbar"
  >
    <img
      alt="surreal estate logo"
      src="./logo"
    />
    <ul
      class="navbar-links"
    >
      <li
        class="navbar-links-item"
      >
        View Properties
      </li>
      <li
        class="navbar-links-item"
      >
        Add Properties
      </li>
    </ul>
  </div>
</DocumentFragment>
`;
